<testsuites id="" name="" tests="10" failures="4" skipped="0" errors="0" time="37.300940000000004">
<testsuite name="critical\auth-stability.spec.ts" timestamp="2025-12-08T10:59:05.269Z" hostname="chromium" tests="3" failures="2" skipped="0" time="49.442" errors="0">
<testcase name="Auth Stability Tests › should load app and show auth dialog reliably" classname="critical\auth-stability.spec.ts" time="22.418">
<failure message="auth-stability.spec.ts:5:3 should load app and show auth dialog reliably" type="FAILURE">
<![CDATA[  [chromium] › critical\auth-stability.spec.ts:5:3 › Auth Stability Tests › should load app and show auth dialog reliably 

    Error: expect(locator).toBeVisible() failed

    Locator: locator('[data-testid="auth-dialog"], [role="dialog"]')
    Expected: visible
    Timeout: 15000ms
    Error: element(s) not found

    Call log:
      - Expect "toBeVisible" with timeout 15000ms
      - waiting for locator('[data-testid="auth-dialog"], [role="dialog"]')


      22 |     // Should show auth dialog within reasonable time
      23 |     const authDialog = page.locator('[data-testid="auth-dialog"], [role="dialog"]');
    > 24 |     await expect(authDialog).toBeVisible({ timeout: 15000 });
         |                              ^
      25 |     
      26 |     // Should have email and password inputs
      27 |     const emailInput = page.locator('[data-testid="email-input"], input[type="email"], input[placeholder*="email" i]');
        at c:\Users\HP\OneDrive\Desktop\Projects\KIRO\devprompt-studio\e2e\critical\auth-stability.spec.ts:24:30

    attachment #1: screenshot (image/png) ──────────────────────────────────────────────────────────
    ..\test-results\critical-auth-stability-Au-9d024-d-show-auth-dialog-reliably-chromium\test-failed-1.png
    ────────────────────────────────────────────────────────────────────────────────────────────────

    attachment #2: video (video/webm) ──────────────────────────────────────────────────────────────
    ..\test-results\critical-auth-stability-Au-9d024-d-show-auth-dialog-reliably-chromium\video.webm
    ────────────────────────────────────────────────────────────────────────────────────────────────

    Error Context: ..\test-results\critical-auth-stability-Au-9d024-d-show-auth-dialog-reliably-chromium\error-context.md
]]>
</failure>
<system-out>
<![CDATA[🧪 Testing auth dialog on chromium

[[ATTACHMENT|critical-auth-stability-Au-9d024-d-show-auth-dialog-reliably-chromium\test-failed-1.png]]

[[ATTACHMENT|critical-auth-stability-Au-9d024-d-show-auth-dialog-reliably-chromium\video.webm]]

[[ATTACHMENT|critical-auth-stability-Au-9d024-d-show-auth-dialog-reliably-chromium\error-context.md]]
]]>
</system-out>
</testcase>
<testcase name="Auth Stability Tests › should complete login flow" classname="critical\auth-stability.spec.ts" time="20.899">
<failure message="auth-stability.spec.ts:38:3 should complete login flow" type="FAILURE">
<![CDATA[  [chromium] › critical\auth-stability.spec.ts:38:3 › Auth Stability Tests › should complete login flow 

    Error: expect(locator).toBeVisible() failed

    Locator: locator('[data-testid="auth-dialog"], [role="dialog"]')
    Expected: visible
    Timeout: 15000ms
    Error: element(s) not found

    Call log:
      - Expect "toBeVisible" with timeout 15000ms
      - waiting for locator('[data-testid="auth-dialog"], [role="dialog"]')


      43 |     
      44 |     const authDialog = page.locator('[data-testid="auth-dialog"], [role="dialog"]');
    > 45 |     await expect(authDialog).toBeVisible({ timeout: 15000 });
         |                              ^
      46 |     
      47 |     // Fill login form
      48 |     const email = `test-${Date.now()}@example.com`;
        at c:\Users\HP\OneDrive\Desktop\Projects\KIRO\devprompt-studio\e2e\critical\auth-stability.spec.ts:45:30

    attachment #1: screenshot (image/png) ──────────────────────────────────────────────────────────
    ..\test-results\critical-auth-stability-Au-bbe00--should-complete-login-flow-chromium\test-failed-1.png
    ────────────────────────────────────────────────────────────────────────────────────────────────

    attachment #2: video (video/webm) ──────────────────────────────────────────────────────────────
    ..\test-results\critical-auth-stability-Au-bbe00--should-complete-login-flow-chromium\video.webm
    ────────────────────────────────────────────────────────────────────────────────────────────────

    Error Context: ..\test-results\critical-auth-stability-Au-bbe00--should-complete-login-flow-chromium\error-context.md
]]>
</failure>
<system-out>
<![CDATA[🔐 Testing login flow on chromium

[[ATTACHMENT|critical-auth-stability-Au-bbe00--should-complete-login-flow-chromium\test-failed-1.png]]

[[ATTACHMENT|critical-auth-stability-Au-bbe00--should-complete-login-flow-chromium\video.webm]]

[[ATTACHMENT|critical-auth-stability-Au-bbe00--should-complete-login-flow-chromium\error-context.md]]
]]>
</system-out>
</testcase>
<testcase name="Auth Stability Tests › should handle auth bypass for testing" classname="critical\auth-stability.spec.ts" time="6.125">
<system-out>
<![CDATA[✅ Auth bypass works for testing
]]>
</system-out>
</testcase>
</testsuite>
<testsuite name="critical\basic-functionality.spec.ts" timestamp="2025-12-08T10:59:05.269Z" hostname="chromium" tests="3" failures="0" skipped="0" time="12.255" errors="0">
<testcase name="Basic Functionality Tests › should load app successfully" classname="critical\basic-functionality.spec.ts" time="5.805">
<system-out>
<![CDATA[✅ App loads successfully
]]>
</system-out>
</testcase>
<testcase name="Basic Functionality Tests › should have basic UI elements" classname="critical\basic-functionality.spec.ts" time="3.164">
<system-out>
<![CDATA[✅ Basic UI elements present
]]>
</system-out>
</testcase>
<testcase name="Basic Functionality Tests › should be responsive" classname="critical\basic-functionality.spec.ts" time="3.286">
<system-out>
<![CDATA[✅ App is responsive
]]>
</system-out>
</testcase>
</testsuite>
<testsuite name="critical\smoke.spec.ts" timestamp="2025-12-08T10:59:05.269Z" hostname="chromium" tests="4" failures="2" skipped="0" time="19.502" errors="0">
<testcase name="Critical Smoke Tests › app loads successfully" classname="critical\smoke.spec.ts" time="2.321">
</testcase>
<testcase name="Critical Smoke Tests › main input is accessible" classname="critical\smoke.spec.ts" time="7.695">
<failure message="smoke.spec.ts:10:3 main input is accessible" type="FAILURE">
<![CDATA[  [chromium] › critical\smoke.spec.ts:10:3 › Critical Smoke Tests › main input is accessible ───────

    Error: expect(locator).toBeVisible() failed

    Locator: locator('#main-input, textarea[placeholder*="prompt"]').first()
    Expected: visible
    Timeout: 5000ms
    Error: element(s) not found

    Call log:
      - Expect "toBeVisible" with timeout 5000ms
      - waiting for locator('#main-input, textarea[placeholder*="prompt"]').first()


      11 |     await page.goto('/');
      12 |     const input = page.locator('#main-input, textarea[placeholder*="prompt"]').first();
    > 13 |     await expect(input).toBeVisible();
         |                         ^
      14 |     await input.fill('Test prompt');
      15 |     await expect(input).toHaveValue('Test prompt');
      16 |   });
        at c:\Users\HP\OneDrive\Desktop\Projects\KIRO\devprompt-studio\e2e\critical\smoke.spec.ts:13:25

    attachment #1: screenshot (image/png) ──────────────────────────────────────────────────────────
    ..\test-results\critical-smoke-Critical-Smoke-Tests-main-input-is-accessible-chromium\test-failed-1.png
    ────────────────────────────────────────────────────────────────────────────────────────────────

    attachment #2: video (video/webm) ──────────────────────────────────────────────────────────────
    ..\test-results\critical-smoke-Critical-Smoke-Tests-main-input-is-accessible-chromium\video.webm
    ────────────────────────────────────────────────────────────────────────────────────────────────

    Error Context: ..\test-results\critical-smoke-Critical-Smoke-Tests-main-input-is-accessible-chromium\error-context.md
]]>
</failure>
<system-out>
<![CDATA[
[[ATTACHMENT|critical-smoke-Critical-Smoke-Tests-main-input-is-accessible-chromium\test-failed-1.png]]

[[ATTACHMENT|critical-smoke-Critical-Smoke-Tests-main-input-is-accessible-chromium\video.webm]]

[[ATTACHMENT|critical-smoke-Critical-Smoke-Tests-main-input-is-accessible-chromium\error-context.md]]
]]>
</system-out>
</testcase>
<testcase name="Critical Smoke Tests › no console errors on load" classname="critical\smoke.spec.ts" time="2.115">
</testcase>
<testcase name="Critical Smoke Tests › responsive layout works" classname="critical\smoke.spec.ts" time="7.371">
<failure message="smoke.spec.ts:30:3 responsive layout works" type="FAILURE">
<![CDATA[  [chromium] › critical\smoke.spec.ts:30:3 › Critical Smoke Tests › responsive layout works ────────

    Error: expect(locator).toBeVisible() failed

    Locator: locator('main')
    Expected: visible
    Timeout: 5000ms
    Error: element(s) not found

    Call log:
      - Expect "toBeVisible" with timeout 5000ms
      - waiting for locator('main')


      38 |       // Desktop: main content visible
      39 |       const main = page.locator('main');
    > 40 |       await expect(main).toBeVisible();
         |                          ^
      41 |     }
      42 |   });
      43 | });
        at c:\Users\HP\OneDrive\Desktop\Projects\KIRO\devprompt-studio\e2e\critical\smoke.spec.ts:40:26

    attachment #1: screenshot (image/png) ──────────────────────────────────────────────────────────
    ..\test-results\critical-smoke-Critical-Smoke-Tests-responsive-layout-works-chromium\test-failed-1.png
    ────────────────────────────────────────────────────────────────────────────────────────────────

    attachment #2: video (video/webm) ──────────────────────────────────────────────────────────────
    ..\test-results\critical-smoke-Critical-Smoke-Tests-responsive-layout-works-chromium\video.webm
    ────────────────────────────────────────────────────────────────────────────────────────────────

    Error Context: ..\test-results\critical-smoke-Critical-Smoke-Tests-responsive-layout-works-chromium\error-context.md
]]>
</failure>
<system-out>
<![CDATA[
[[ATTACHMENT|critical-smoke-Critical-Smoke-Tests-responsive-layout-works-chromium\test-failed-1.png]]

[[ATTACHMENT|critical-smoke-Critical-Smoke-Tests-responsive-layout-works-chromium\video.webm]]

[[ATTACHMENT|critical-smoke-Critical-Smoke-Tests-responsive-layout-works-chromium\error-context.md]]
]]>
</system-out>
</testcase>
</testsuite>
</testsuites>